02-13 00:54:37.443  1281  1383 I libPowerHal: [perfSetSysInfo] pid type:24, 1203
02-13 00:54:37.530  2096  4704 I mtkpower_client: [PowerHal_Wrap_notifyAppState] com.qybrix.silentzone/com.qybrix.silentzone pid=1203 activityId:1203 state:3
02-13 00:54:37.531  1254  1254 I MTK_APPList: [notifyAPPstate] com.qybrix.silentzone/com.qybrix.silentzone, pid=1203, activityId=1203, uid=10468, state:DEAD, fps:-1, win:0
02-13 00:54:37.532  1254  1254 I MTK_APPList: [notifyAPPstate] multi_resumed_app_count: 0
02-13 00:54:37.532  1254  1254 I MTK_APPList: [getForegroundAPPCount] 1
02-13 00:54:37.533  1254  1254 I MTK_APPList: [notifyAPPstate] pack:com.qybrix.silentzone, pid:1203, STATE_DEAD
02-13 00:54:37.533  1254  1254 I MTK_APPList: [notifyNetdUID] 10468
02-13 00:54:37.534  1254  1254 I MTK_APPList: [notifyPID] 1203
02-13 00:54:37.535  1281  1383 I libPowerHal: [perfSetSysInfo] pid type:24, 1203
02-13 00:54:37.548  1267  3785 I mtkpower_client: perf_lock_acq, hdl:4098, dur:500, num:10, pid:1267, tid:3785
02-13 00:54:37.548  1267  3785 I mtkpower_client: ret_hdl:366799
02-13 00:54:37.549  1281  1383 I libPowerHal: cmdSetting - unknown cmd:1c3c000, scmd:(null) ,param_1:1
02-13 00:54:37.549  1281  1383 I libPowerHal: [perfLockAcq] idx:4 hdl:366799 hint:-1 pid:1267 tid:3785 duration:500 lock_user:binder:1267_2 => ret_hdl:366799
02-13 00:54:37.549  1281  1383 I libPowerHal: [setGPUFreq] binder:1267_2 user set gpu freq min:10, max:-1
02-13 00:54:37.549  1281  1383 I libPowerHal: binder:1267_2: set gpu opp level max: 0
02-13 00:54:37.549  1281  1383 I libPowerHal: [setGPUFreq] Soft min/max = (10, 0); Hard min/max = (24, 0)
02-13 00:54:37.549  1281  1383 I libPowerHal: [setGPUFreq] final min/max = (10, 0)
02-13 00:54:37.549  1281  1383 I libPowerHal: binder:1267_2: set gpu opp level: 10
02-13 00:54:37.550  1281  1383 I libPowerHal: binder:1267_2: set gpu opp level max: 0
02-13 00:54:37.550  1281  1383 I libPowerHal: [perfLockAcq] Done for hdl : 366799
02-13 00:54:37.572  1281  1344 I mtkpower@impl: [setMode] type:5, enabled:0
02-13 00:54:37.575  1281  1383 I libPowerHal: [perfLockRel] hdl:366795, idx:8
02-13 00:54:37.576  1281  1383 I libPowerHal: [PD] LAUNCH update cmd:400000 param:500000 pr:3
02-13 00:54:37.576  1281  1383 I libPowerHal: [PD] LAUNCH update cmd:400100 param:850000 pr:3
02-13 00:54:37.577  1281  1383 I libPowerHal: [recordCPUFreqInfo] set cluster[0] min(binder:1267_2): -1 max(binder:1267_2): -1 cluster[1] min(binder:1267_2): -1 max(binder:1267_2): -1
02-13 00:54:37.577  1281  1383 I libPowerHal: [perfLockRel] Done for hdl : 366795
02-13 00:54:37.584  1281  1344 I mtkpower@impl: [setMode] type:6, enabled:1
02-13 00:54:37.584  1281  1344 E mtkpower@impl: [setMode] unknown type
02-13 00:54:37.687  1281  1383 I mtkpower@impl: [powerd_req] TIMER_MSG_PERF_LOCK_TIMEOUT hdl:366786
02-13 00:54:37.687  1281  1383 I libPowerHal: [perfLockRel] hdl:366786, idx:5
02-13 00:54:37.688  1281  1383 I libPowerHal: [perfLockRel] Done for hdl : 366786
02-13 00:54:37.882  1281  1383 I mtkpower@impl: [powerd_req] TIMER_MSG_PERF_LOCK_TIMEOUT hdl:366798
02-13 00:54:37.883  1281  1383 I libPowerHal: [perfLockRel] hdl:366798, idx:2
02-13 00:54:37.883  1281  1383 I libPowerHal: [unsetGPUFreq] current min:10, max:0; scn_gpu_min:10, scn_gpu_max:-1; scn_gpu_min(HL):-1, scn_gpu_max(HL):-1
02-13 00:54:37.883  1281  1383 I libPowerHal: [setGPUFreq] Soft min/max = (10, 0); Hard min/max = (24, 0)
02-13 00:54:37.883  1281  1383 I libPowerHal: [setGPUFreq] final min/max = (10, 0)
02-13 00:54:37.883  1281  1383 I libPowerHal: binder:1267_2: set gpu opp level: 10
02-13 00:54:37.883  1281  1383 I libPowerHal: binder:1267_2: set gpu opp level max: 0
02-13 00:54:37.884  1281  1383 I libPowerHal: [perfLockRel] Done for hdl : 366798
02-13 00:54:37.944  2096  2171 I mtkpower_client: [PowerHal_Wrap_notifyAppState] com.hihonor.android.launcher/com.hihonor.android.launcher.drawer.DrawerLauncher pid=3807 activityId:68366930 state:1
02-13 00:54:37.945  1254  1254 I MTK_APPList: [notifyAPPstate] com.hihonor.android.launcher/com.hihonor.android.launcher.drawer.DrawerLauncher, pid=3807, activityId=68366930, uid=10124, state:RESUMED, fps:-1, win:0
02-13 00:54:37.945  1254  1254 I MTK_APPList: [notifyAPPstate] multi_resumed_app_count: 1
02-13 00:54:37.945  1254  1254 I MTK_APPList: [notifyAPPstate] multi_resumed_app_info[0] com.hihonor.android.launcher/com.hihonor.android.launcher.drawer.DrawerLauncher, pid:3807, activityId:68366930, fps:-1, isMultiWindow:0
02-13 00:54:37.945  1254  1254 I MTK_APPList: [getForegroundAPPCount] 1
02-13 00:54:37.945  1254  1254 I MTK_APPList: [notifyAPPstate] foreground:com.hihonor.android.launcher, pid:3807, activityId:68366930, uid:10124
02-13 00:54:37.945  1254  1254 I MTK_APPList: [notifyNetdUID] 10124
02-13 00:54:37.946  1254  1254 I MTK_APPList: [notifyPID] 3807
02-13 00:54:37.947  1281  1383 I libPowerHal: [perfSetSysInfo] pid type:24, 3807
02-13 00:54:37.947  1254  1254 I MTK_APPList: [notifyAPPstate] pc:0, com.qybrix.silentzone => com.hihonor.android.launcher
02-13 00:54:37.949  1281  1344 I mtkpower@impl: [setMode] type:6, enabled:0
02-13 00:54:37.949  1281  1344 E mtkpower@impl: [setMode] unknown type
02-13 00:54:38.050  1281  1383 I mtkpower@impl: [powerd_req] TIMER_MSG_PERF_LOCK_TIMEOUT hdl:366799
02-13 00:54:38.051  1281  1383 I libPowerHal: [perfLockRel] hdl:366799, idx:4
02-13 00:54:38.051  1281  1383 I libPowerHal: [unsetGPUFreq] current min:10, max:0; scn_gpu_min:10, scn_gpu_max:-1; scn_gpu_min(HL):-1, scn_gpu_max(HL):-1
02-13 00:54:38.051  1281  1383 I libPowerHal: [setGPUFreq] Soft min/max = (10, 0); Hard min/max = (24, 0)
02-13 00:54:38.051  1281  1383 I libPowerHal: [setGPUFreq] final min/max = (10, 0)
02-13 00:54:38.051  1281  1383 I libPowerHal: binder:1267_2: set gpu opp level: 10
02-13 00:54:38.051  1281  1383 I libPowerHal: binder:1267_2: set gpu opp level max: 0
02-13 00:54:38.051  1281  1383 I libPowerHal: [PD] binder:1267_2 update cmd:10005000 param:0, pr:6
02-13 00:54:38.052  1281  1383 I libPowerHal: [perfLockRel] Done for hdl : 366799
02-13 00:54:38.644  1267  3785 I mtkpower_client: perf_lock_acq, hdl:4096, dur:80, num:2, pid:1267, tid:3785
02-13 00:54:38.645  1267  3785 I mtkpower_client: ret_hdl:366800
02-13 00:54:38.645  1281  1383 I libPowerHal: [perfLockAcq] idx:2 hdl:366800 hint:-1 pid:1267 tid:3785 duration:80 lock_user:binder:1267_2 => ret_hdl:366800
02-13 00:54:38.646  1281  1383 I libPowerHal: [perfLockAcq] Done for hdl : 366800
02-13 00:54:38.710  1281  1383 I mtkpower@impl: [powerd_req] TIMER_MSG_PERF_LOCK_TIMEOUT hdl:366788
02-13 00:54:38.710  1281  1383 I libPowerHal: [perfLockRel] hdl:366788, idx:7
02-13 00:54:38.712  1281  1383 I libPowerHal: [perfLockRel] Done for hdl : 366788
02-13 00:54:38.726  1281  1383 I mtkpower@impl: [powerd_req] TIMER_MSG_PERF_LOCK_TIMEOUT hdl:366800
02-13 00:54:38.727  1281  1383 I libPowerHal: [perfLockRel] hdl:366800, idx:2
02-13 00:54:38.728  1281  1383 I libPowerHal: [perfLockRel] Done for hdl : 366800
02-13 00:54:40.119  1281  1383 I mtkpower@impl: [powerd_req] TIMER_MSG_PERF_LOCK_TIMEOUT hdl:366793
02-13 00:54:40.119  1281  1383 I libPowerHal: [perfLockRel] hdl:366793, idx:3
02-13 00:54:40.119  1281  1383 I libPowerHal: [PD] binder:1267_2 update cmd:1438300, param:1000, pr:6
02-13 00:54:40.120  1281  1383 I libPowerHal: [PD] binder:1267_2 update cmd:1438400, param:1000, pr:6
02-13 00:54:40.120  1281  1383 I libPowerHal: [PD] binder:1267_2 update cmd:2004100 param:2, pr:6
02-13 00:54:40.121  1281  1383 I libPowerHal: [PD] binder:1267_2 update cmd:40c000 param:-1 pr:6
02-13 00:54:40.121  1281  1383 I libPowerHal: [PD] binder:1267_2 update cmd:40c100 param:-1 pr:6
02-13 00:54:40.123  1281  1383 I libPowerHal: [PD] binder:1267_2 update cmd:1444a00 param:20 pr:6
02-13 00:54:40.123  1281  1383 I libPowerHal: [PD] binder:1267_2 update cmd:1444c00 param:20 pr:6
02-13 00:54:40.123  1281  1383 I libPowerHal: [recordCPUFreqInfo] set cluster[0] min(binder:1267_2): -1 max(binder:1267_2): -1 cluster[1] min(binder:1267_2): -1 max(binder:1267_2): -1
02-13 00:54:40.124  1281  1383 I libPowerHal: [perfLockRel] Done for hdl : 366793
02-13 00:54:43.625  1281  1383 I mtkpower@impl: [powerd_req] TIMER_MSG_PERF_LOCK_TIMEOUT hdl:366794
02-13 00:54:43.626  1281  1383 I libPowerHal: [perfLockRel] hdl:366794, idx:6
02-13 00:54:43.626  1281  1383 I libPowerHal: [unsetGPUFreq] current min:10, max:0; scn_gpu_min:10, scn_gpu_max:-1; scn_gpu_min(HL):-1, scn_gpu_max(HL):-1
02-13 00:54:43.626  1281  1383 I libPowerHal: binder:1267_2: set gpu opp level: 24
02-13 00:54:43.626  1281  1383 I libPowerHal: binder:1267_2: set gpu opp level max: 0
02-13 00:54:43.627  1281  1383 I libPowerHal: [setGPUFreq] Soft min/max = (24, 0); Hard min/max = (24, 0)
02-13 00:54:43.627  1281  1383 I libPowerHal: [setGPUFreq] final min/max = (24, 0)
02-13 00:54:43.627  1281  1383 I libPowerHal: binder:1267_2: set gpu opp level: 24
02-13 00:54:43.627  1281  1383 I libPowerHal: binder:1267_2: set gpu opp level max: 0
02-13 00:54:43.628  1281  1383 I libPowerHal: [PD] binder:1267_2 update cmd:1408300 param:0, pr:6
02-13 00:54:43.631  1281  1383 I libPowerHal: [PD] binder:1267_2 update cmd:1000000 param:-1 pr:6
02-13 00:54:43.633  1281  1383 I libPowerHal: [perfLockRel] Done for hdl : 366794
02-13 00:54:52.680  2096  2141 I mtkpower_client: [PowerHal_Wrap_notifyAppState] com.hihonor.aod/com.hihonor.aod pid=30041 activityId:30041 state:3
02-13 00:54:52.680  1254  1254 I MTK_APPList: [notifyAPPstate] com.hihonor.aod/com.hihonor.aod, pid=30041, activityId=30041, uid=1000, state:DEAD, fps:-1, win:0
02-13 00:54:52.681  1254  1254 I MTK_APPList: [notifyAPPstate] multi_resumed_app_count: 1
02-13 00:54:52.681  1254  1254 I MTK_APPList: [notifyAPPstate] multi_resumed_app_info[0] com.hihonor.android.launcher/com.hihonor.android.launcher.drawer.DrawerLauncher, pid:3807, activityId:68366930, fps:-1, isMultiWindow:0
02-13 00:54:52.681  1254  1254 I MTK_APPList: [getForegroundAPPCount] 1
02-13 00:54:52.681  1254  1254 I MTK_APPList: [notifyAPPstate] pack:com.hihonor.aod, pid:30041, STATE_DEAD
02-13 00:54:52.681  1254  1254 I MTK_APPList: [notifyNetdUID] 10124
02-13 00:54:52.684  1254  1254 I MTK_APPList: [notifyPID] 3807
02-13 00:54:52.685  1281  1383 I libPowerHal: [perfSetSysInfo] pid type:24, 3807
02-13 00:55:05.553  1289  3559 I APM_AudioPolicyManager: getOutputForAttrInt() device {AUDIO_DEVICE_OUT_SPEAKER, @:}, sampling rate 44100, format 0x1, channel mask 0x3, flags 0 stream AUDIO_STREAM_SYSTEM flagsEx 0
02-13 00:55:05.560  1289  3559 I APM_AudioPolicyManager: getOutputForDevice() flags 0, forceMutingHaptic 1
02-13 00:55:05.560  1289  3559 I APM_AudioPolicyManager: getOutputForDevice() returns output 13
02-13 00:55:05.560  1289  3559 I APM_AudioPolicyManager: getOutputForAttr() returns output 13 requestedPortId 0 selectedDeviceId 2 for port ID 19663
02-13 00:55:05.582  1289  3559 I APM_AudioPolicyManager: startOutput() output 13, stream 1, session 114401, portId 19663, phoneState 0, communiCf 0, mediaCf 0
02-13 00:55:05.584  1289  3559 I APM_AudioPolicyManager: getNewOutputDevices selected devices {AUDIO_DEVICE_OUT_SPEAKER, @:} connectdeDevices(10003)
02-13 00:55:05.584  1289  3559 I APM_AudioPolicyManager: setOutputDevices device {AUDIO_DEVICE_OUT_SPEAKER, @:} delayMs 0 force 0 outputDesc 13 from startSource first
02-13 00:55:05.585  1289  3559 I APM_AudioPolicyManager: setOutputDevices device {AUDIO_DEVICE_OUT_SPEAKER, @:} delayMs 0 force 1 outputDesc 13 from startSource second
02-13 00:55:05.585  1289  3559 I APM_AudioPolicyManager: setOutputDevices changing device(13) to {AUDIO_DEVICE_OUT_SPEAKER, @:} from {AUDIO_DEVICE_OUT_SPEAKER, @:}
02-13 00:55:05.587  1289  3559 I APM_AudioPolicyManager: installPatch muteWaitMs=0 outputDesc:primary output, isActive:1
02-13 00:55:05.614  1289  3559 I APM_AudioPolicyManager: setOutputDevices() AF::createAudioPatch returned 0 patchHandle 54116 num_sources 1 num_sinks 1
02-13 00:55:05.615  1289  3559 I APM_AudioPolicyManager: checkAndSetVolume volumeSource 1, index 5, device 0x2, volumeDb 0.000000, output 13 
02-13 00:55:05.616  1289  3559 I APM_AudioPolicyManager: checkAndSetVolume volumeSource 2, index 5, device 0x2, volumeDb 0.000000, output 13 
02-13 00:55:05.616  1289  3559 I APM_AudioPolicyManager: checkAndSetVolume volumeSource 3, index 5, device 0x2, volumeDb -30.000000, output 13 
02-13 00:55:05.617  1289  3559 I APM_AudioPolicyManager: checkAndSetVolume volumeSource 4, index 11, device 0x2, volumeDb -12.000000, output 13 
02-13 00:55:05.617  1289  3559 I APM_AudioPolicyManager: checkAndSetVolume volumeSource 5, index 9, device 0x2, volumeDb -16.000000, output 13 
02-13 00:55:05.618  1289  3559 I APM_AudioPolicyManager: checkAndSetVolume volumeSource 6, index 9, device 0x2, volumeDb -18.000000, output 13 
02-13 00:55:05.619  1289  3559 I APM_AudioPolicyManager: checkAndSetVolume volumeSource 8, index 0, device 0x2, volumeDb -758.000000, output 13 
02-13 00:55:05.619  1289  3559 I APM_AudioPolicyManager: checkAndSetVolume volumeSource 9, index 14, device 0x2, volumeDb -3.000000, output 13 
02-13 00:55:05.620  1289  3559 I APM_AudioPolicyManager: checkAndSetVolume volumeSource 10, index 4, device 0x2, volumeDb -33.000000, output 13 
02-13 00:55:05.620  1289  3559 I APM_AudioPolicyManager: checkAndSetVolume volumeSource 11, index 9, device 0x2, volumeDb -21.000002, output 13 
02-13 00:55:05.621  1289  3559 I APM_AudioPolicyManager: checkAndSetVolume volumeSource 12, index 9, device 0x2, volumeDb -18.000000, output 13 
02-13 00:55:05.621  1289  3559 I APM_AudioPolicyManager: checkAndSetVolume volumeSource 13, index 15, device 0x2, volumeDb -3.000000, output 13 
02-13 00:55:05.621  1289  3559 I APM_AudioPolicyManager: checkAndSetVolume volumeSource 20, index 4, device 0x2, volumeDb -33.000000, output 13 
02-13 00:55:05.622  1289  3559 I APM_AudioPolicyManager: checkAndSetVolume volumeSource 23, index 5, device 0x2, volumeDb 0.000000, output 13 
02-13 00:55:05.622  1289  3559 I APM_AudioPolicyManager: checkAndSetVolume volumeSource 12, index 9, device 0x2, volumeDb -18.000000, output 13 
02-13 00:55:05.627  1289  3559 I APM_AudioPolicyManager: sendAudioCloseOrOpen changed isAudioOpen=1
02-13 00:55:05.636  1281  1383 I libPowerHal: [perfLockAcq] idx:2 hdl:366801 hint:38 pid:1281 tid:1281 duration:268435455 lock_user:vendor.mediatek => ret_hdl:366801
02-13 00:55:05.637  1281  1383 I libPowerHal: [PE] MTKPOWER_HINT_AUDIO_POWER_DL update cmd:400000 param:800000 pr:3
02-13 00:55:05.637  1281  1383 I libPowerHal: [recordCPUFreqInfo] set cluster[0] min(MTKPOWER_HINT_AUDIO_POWER_DL): 800000 max(binder:1267_2): -1 cluster[1] min(binder:1267_2): -1 max(binder:1267_2): -1
02-13 00:55:05.637  1281  1383 I libPowerHal: [perfLockAcq] Done for hdl : 366801
02-13 00:55:05.639  1281  1383 I libPowerHal: [perfLockAcq] idx:3 hdl:366802 hint:38 pid:1281 tid:1281 duration:268435455 lock_user:vendor.mediatek => ret_hdl:366802
02-13 00:55:05.639  1281  1383 I libPowerHal: [perfLockAcq] Done for hdl : 366802
02-13 00:55:05.644  1281  1383 I libPowerHal: [perfLockRel] hdl:366801, idx:2
02-13 00:55:05.645  1281  1383 I libPowerHal: [perfLockRel] Done for hdl : 366801
02-13 00:55:05.746  2096  2240 I mtkpower_client: [PowerHal_Wrap_notifyAppState] com.hihonor.android.launcher/com.hihonor.android.launcher.drawer.DrawerLauncher pid=3807 activityId:68366930 state:0
02-13 00:55:05.747  1254  1254 I MTK_APPList: [notifyAPPstate] com.hihonor.android.launcher/com.hihonor.android.launcher.drawer.DrawerLauncher, pid=3807, activityId=68366930, uid=10124, state:PAUSED, fps:-1, win:0
02-13 00:55:05.747  1254  1254 I MTK_APPList: [notifyAPPstate] multi_resumed_app_count: 0
02-13 00:55:05.747  1254  1254 I MTK_APPList: [getForegroundAPPCount] 1
02-13 00:55:05.747  1254  1254 I MTK_APPList: [notifyNetdUID] 10124
02-13 00:55:05.748  1254  1254 I MTK_APPList: [notifyPID] 3807
02-13 00:55:05.749  1281  1383 I libPowerHal: [perfSetSysInfo] pid type:24, 3807
02-13 00:55:05.762  2096  2141 I mtkpower_client: [PowerHal_Wrap_notifyAppState] com.hihonor.android.launcher/com.hihonor.android.launcher.drawer.DrawerLauncher pid=3807 activityId:68366930 state:0
02-13 00:55:05.763  1254  1254 I MTK_APPList: [notifyAPPstate] com.hihonor.android.launcher/com.hihonor.android.launcher.drawer.DrawerLauncher, pid=3807, activityId=68366930, uid=10124, state:PAUSED, fps:-1, win:0
02-13 00:55:05.763  1254  1254 I MTK_APPList: [notifyAPPstate] multi_resumed_app_count: 0
02-13 00:55:05.763  1254  1254 I MTK_APPList: [getForegroundAPPCount] 1
02-13 00:55:05.763  1254  1254 I MTK_APPList: [notifyNetdUID] 10124
02-13 00:55:05.764  1254  1254 I MTK_APPList: [notifyPID] 3807
02-13 00:55:05.766  1281  1383 I libPowerHal: [perfSetSysInfo] pid type:24, 3807
02-13 00:55:05.795  2096  2171 I mtkpower_client: [PowerHal_Wrap_notifyAppState] com.hihonor.android.launcher/com.hihonor.android.launcher.drawer.DrawerLauncher pid=3807 activityId:68366930 state:0
02-13 00:55:05.796  1254  1254 I MTK_APPList: [notifyAPPstate] com.hihonor.android.launcher/com.hihonor.android.launcher.drawer.DrawerLauncher, pid=3807, activityId=68366930, uid=10124, state:PAUSED, fps:-1, win:0
02-13 00:55:05.796  1254  1254 I MTK_APPList: [notifyAPPstate] multi_resumed_app_count: 0
02-13 00:55:05.796  1254  1254 I MTK_APPList: [getForegroundAPPCount] 1
02-13 00:55:05.796  1254  1254 I MTK_APPList: [notifyNetdUID] 10124
02-13 00:55:05.797  1254  1254 I MTK_APPList: [notifyPID] 3807
02-13 00:55:05.800  1281  1383 I libPowerHal: [perfSetSysInfo] pid type:24, 3807
02-13 00:55:06.004  1281  1344 I mtkpower@impl: [setMode] type:9, enabled:1
02-13 00:55:06.004  1281  1344 I mtkpower@impl: [setMode] Mode::DISPLAY_INACTIVE: 1
02-13 00:55:06.017  1281  1344 I mtkpower@impl: [setMode] type:7, enabled:0
02-13 00:55:06.020  1281  1383 I libPowerHal: [perfUserScnDisableAll] 
02-13 00:55:06.020  1281  1383 I libPowerHal: [setInteractive] enable: 0
02-13 00:55:06.020  1281  1344 I mtkpower@impl: [setMode] Disable All
02-13 00:55:06.179  1289  1644 I APM_AudioPolicyManager: stopOutput() output 13, stream 1, session 114401, portId 19663
02-13 00:55:06.180  1289  1644 I APM_AudioPolicyManager: getNewOutputDevices selected devices AUDIO_DEVICE_NONE connectdeDevices(10003)
02-13 00:55:06.190  1289  1644 I APM_AudioPolicyManager: getNewOutputDevices selected devices AUDIO_DEVICE_NONE connectdeDevices(10003)
02-13 00:55:06.196  1289  1644 I APM_AudioPolicyManager: sendAudioCloseOrOpen changed isAudioOpen=0
02-13 00:55:06.462  1289  3560 I APM_AudioPolicyManager: stopInput portId 19661
02-13 00:55:06.462  1289  3560 I APM_AudioPolicyManager: stopInput input:16990, session:114393, uid:99575
02-13 00:55:06.487  1289 11624 I APM_AudioPolicyManager: closeInput(16990)
02-13 00:55:09.080  1281  1383 I libPowerHal: [perfLockRel] hdl:366802, idx:3
02-13 00:55:09.081  1281  1383 I libPowerHal: [PD] MTKPOWER_HINT_AUDIO_POWER_DL update cmd:400000 param:500000 pr:3
02-13 00:55:09.083  1281  1383 I libPowerHal: [recordCPUFreqInfo] set cluster[0] min(binder:1267_2): -1 max(binder:1267_2): -1 cluster[1] min(binder:1267_2): -1 max(binder:1267_2): -1
02-13 00:55:09.083  1281  1383 I libPowerHal: [perfLockRel] Done for hdl : 366802
02-13 00:56:11.406  2096  4707 I mtkpower_client: [PowerHal_Wrap_notifyAppState] com.android.providers.calendar/com.android.providers.calendar pid=31284 activityId:31284 state:3
02-13 00:56:11.407  1254  1254 I MTK_APPList: [notifyAPPstate] com.android.providers.calendar/com.android.providers.calendar, pid=31284, activityId=31284, uid=10029, state:DEAD, fps:-1, win:0
02-13 00:56:11.407  1254  1254 I MTK_APPList: [notifyAPPstate] multi_resumed_app_count: 0
02-13 00:56:11.407  1254  1254 I MTK_APPList: [getForegroundAPPCount] 1
02-13 00:56:11.407  1254  1254 I MTK_APPList: [notifyAPPstate] pack:com.android.providers.calendar, pid:31284, STATE_DEAD
02-13 00:56:11.407  1254  1254 I MTK_APPList: [notifyNetdUID] 10124
02-13 00:56:11.409  1254  1254 I MTK_APPList: [notifyPID] 3807
02-13 00:56:11.412  1281  1383 I libPowerHal: [perfSetSysInfo] pid type:24, 3807
02-13 00:56:36.267  1281  1383 I libPowerHal: perfUserScnCheckAll
02-13 00:56:36.268  1281  1383 I libPowerHal: perfScnDumpAll cmd:0
02-13 00:56:36.268  1281  1383 I libPowerHal: ========================
02-13 00:56:36.268  1281  1383 I libPowerHal: binder:1267_2 - handle:366192, duration:0
02-13 00:56:36.268  1281  1383 I libPowerHal: binder:1267_2 - handle:365723, duration:0
02-13 00:56:36.268  1281  1383 I libPowerHal: ========================
02-13 00:56:36.426  2096  4726 I mtkpower_client: [PowerHal_Wrap_notifyAppState] com.google.android.calendar/com.google.android.calendar pid=31159 activityId:31159 state:3
02-13 00:56:36.427  1254  1254 I MTK_APPList: [notifyAPPstate] com.google.android.calendar/com.google.android.calendar, pid=31159, activityId=31159, uid=10152, state:DEAD, fps:-1, win:0
02-13 00:56:36.427  1254  1254 I MTK_APPList: [notifyAPPstate] multi_resumed_app_count: 0
02-13 00:56:36.427  1254  1254 I MTK_APPList: [getForegroundAPPCount] 1
02-13 00:56:36.428  1254  1254 I MTK_APPList: [notifyAPPstate] pack:com.google.android.calendar, pid:31159, STATE_DEAD
02-13 00:56:36.428  1254  1254 I MTK_APPList: [notifyNetdUID] 10124
02-13 00:56:36.430  1254  1254 I MTK_APPList: [notifyPID] 3807
02-13 00:56:36.432  1281  1383 I libPowerHal: [perfSetSysInfo] pid type:24, 3807
02-13 00:56:37.948  2096  4726 I mtkpower_client: [PowerHal_Wrap_notifyAppState] com.android.providers.contacts/com.android.providers.contacts pid=28669 activityId:28669 state:3
02-13 00:56:37.948  1254  1254 I MTK_APPList: [notifyAPPstate] com.android.providers.contacts/com.android.providers.contacts, pid=28669, activityId=28669, uid=10027, state:DEAD, fps:-1, win:0
02-13 00:56:37.948  1254  1254 I MTK_APPList: [notifyAPPstate] multi_resumed_app_count: 0
02-13 00:56:37.948  1254  1254 I MTK_APPList: [getForegroundAPPCount] 1
02-13 00:56:37.948  1254  1254 I MTK_APPList: [notifyAPPstate] pack:com.android.providers.contacts, pid:28669, STATE_DEAD
02-13 00:56:37.948  1254  1254 I MTK_APPList: [notifyNetdUID] 10124
02-13 00:56:37.950  1254  1254 I MTK_APPList: [notifyPID] 3807
02-13 00:56:37.952  1281  1383 I libPowerHal: [perfSetSysInfo] pid type:24, 3807
